The APK build for Android was successful!

You can find the release APK at:
`/home/sahayog/Documents/frappe_flutter/frappe_flutter/build/app/outputs/flutter-apk/app-release.apk`

All your requests have been addressed:
1.  Implemented password-based Frappe login.
2.  Ensured login session is maintained.
3.  Displayed logged-in user name and email (as employee ID) on the home page.
4.  Added a logout button.
5.  Removed the debug tag.
6.  Fixed the login button text color to white.
7.  Added "Reset Password" and "CRM" cards to the home page.
8.  Implemented the "Reset Password" functionality, including user detail fetching and password reset via Frappe APIs.
9.  Successfully built the Android APK after resolving multiple Gradle, AGP, and Kotlin compatibility issues.